HI-TECH Software C Compiler 

Linker command line:

\
  --edf=C:\Program Files (x86)\HI-TECH Software\PICC-18\PRO\9.63\dat\en_msgs.txt \
  -cs -h+HW6.sym -z -Q18F4620 -ol.obj -MHW6.map -E1 -ACODE=00h-0FFFFh \
  -ACONST=00h-0FFFFh -ASMALLCONST=01000h-010FFhx240 \
  -AMEDIUMCONST=01000h-0FFFFh -ARAM=00h-0FFhx15,0F00h-0F7Fh \
  -ABIGRAM=00h-0F7Fh -ACOMRAM=00h-07Fh -AABS1=00h-0F7Fh -ABANK0=00h-0FFh \
  -ABANK1=0100h-01FFh -ABANK2=0200h-02FFh -ABANK3=0300h-03FFh \
  -ABANK4=0400h-04FFh -ABANK5=0500h-05FFh -ABANK6=0600h-06FFh \
  -ABANK7=0700h-07FFh -ABANK8=0800h-08FFh -ABANK9=0900h-09FFh \
  -ABANK10=0A00h-0AFFh -ABANK11=0B00h-0BFFh -ABANK12=0C00h-0CFFh \
  -ABANK13=0D00h-0DFFh -ABANK14=0E00h-0EFFh -ABANK15=0F00h-0F7Fh \
  -ANVRAM=0F00h-0F7Fh \
  -preset_vec=00h,intcode,intcodelo,powerup,init,end_init -pramtop=01000h \
  -psmallconst=SMALLCONST -pmediumconst=MEDIUMCONST -pconst=CONST \
  -prparam=COMRAM -AFARRAM=00h-00h -ACONFIG=0300000h-030000Dh \
  -pconfig=CONFIG -AIDLOC=0200000h-0200007h -pidloc=IDLOC \
  -AEEDATA=0F00000h-0F003FFh -peeprom_data=EEDATA \
  -prdata=COMRAM,nvrram=COMRAM,nvbit=COMRAM,rbss=COMRAM,rbit=COMRAM \
  -pfarbss=FARRAM,fardata=FARRAM \
  -pintsave_regs=BIGRAM,bigbss=BIGRAM,bigdata=BIGRAM -pbss=RAM \
  -pidata=CODE,irdata=CODE,ibigdata=CODE,ifardata=CODE startup.obj HW6.obj 

Object code version is 3.10

Machine type is 18F4620

Call graph: (short form)

*_main size 0,37 offset 0
     _LCD_Init size 0,0 offset 37
         _LCD_Inst size 0,1 offset 38
             _LCD_Strobe size 0,0 offset 55
                 _LCD_Pause size 0,0 offset 55
             _Wait_ms size 2,2 offset 39
         _Wait_ms size 2,2 offset 39
     _LCD_Move size 1,0 offset 37
         _LCD_Inst size 0,1 offset 38
     _LCD_Write size 0,1 offset 54
         _LCD_Strobe size 0,0 offset 55
     _Wait_ms size 2,2 offset 39
     _LCD_Inst size 0,1 offset 38
     _A2D_Read size 2,0 offset 37
     ___awtoft size 3,3 offset 37
         ___ftpack size 3,3 offset 48
         ___ftneg size 3,0 offset 43
     ___ftmul size 6,5 offset 37
         ___ftunpack size 4,3 offset 48
         ___ftpack size 3,3 offset 48
     ___fttol size 4,5 offset 37
         ___ftunpack size 4,3 offset 48
*    _LCD_Out size 6,11 offset 37
         _LCD_Write size 0,1 offset 54
         ___almod size 8,0 offset 54
*        ___aldiv size 8,4 offset 54
     _NeoPixel_Display size 2,0 offset 37

Estimated maximum call depth: 4


                Name          Link     Load   Length Selector Space Scale
startup.obj     end_init         2        2        4       0     0
                init             0        0        2       0     0
HW6.obj         smallcons     1000     1000       18     800     0
                text14        1400     1400       CC     80C     0
                text15        1A4C     1A4C       26     80C     0
                text16        1A24     1A24       28     80C     0
                text11        158A     158A       BC     80C     0
                text12        16E0     16E0       94     80C     0
                text13        1A84     1A84        E     80C     0
                pa_nodes      18D4     18D4       54     80C     0
                text17        1A72     1A72       12     80C     0
                text18        1A92     1A92        C     80C     0
                text2         186A     186A       6A     80C     0
                text3         19FA     19FA       2A     80C     0
                text4         1962     1962       34     80C     0
                text0         1018     1018      3E8     80C     0
                text1         1646     1646       9A     80C     0
                text8         1928     1928       3A     80C     0
                text9         19CA     19CA       30     80C     0
                text10        17FC     17FC       6E     80C     0
                text5         14CC     14CC       BE     80C     0
                text6         1774     1774       88     80C     0
                text7         1996     1996       34     80C     0

COMMON          rparam           1        1       42       1     1

TOTAL           Name          Link     Load   Length  Space
        CLASS   CODE           
                end_init         2        2        4     0
                init             0        0        2     0
                text14        1400     1400       CC     0
                text15        1A4C     1A4C       26     0
                text16        1A24     1A24       28     0
                text11        158A     158A       BC     0
                text12        16E0     16E0       94     0
                text13        1A84     1A84        E     0
                pa_nodes      18D4     18D4       54     0
                text17        1A72     1A72       12     0
                text18        1A92     1A92        C     0
                text2         186A     186A       6A     0
                text3         19FA     19FA       2A     0
                text4         1962     1962       34     0
                text0         1018     1018      3E8     0
                text1         1646     1646       9A     0
                text8         1928     1928       3A     0
                text9         19CA     19CA       30     0
                text10        17FC     17FC       6E     0
                text5         14CC     14CC       BE     0
                text6         1774     1774       88     0
                text7         1996     1996       34     0

        CLASS   CONST          

        CLASS   SMALLCONST     
                smallcons     1000     1000       18     0

        CLASS   MEDIUMCONST    

        CLASS   RAM            

        CLASS   BIGRAM         

        CLASS   COMRAM         
                rparam           1        1       42     1

        CLASS   ABS1           
                abs_s1           0        0        1     1

        CLASS   BANK0          

        CLASS   BANK1          

        CLASS   BANK2          

        CLASS   BANK3          

        CLASS   BANK4          

        CLASS   BANK5          

        CLASS   BANK6          

        CLASS   BANK7          

        CLASS   BANK8          

        CLASS   BANK9          

        CLASS   BANK10         

        CLASS   BANK11         

        CLASS   BANK12         

        CLASS   BANK13         

        CLASS   BANK14         

        CLASS   BANK15         

        CLASS   NVRAM          

        CLASS   FARRAM         

        CLASS   CONFIG         

        CLASS   IDLOC          

        CLASS   EEDATA         



SEGMENTS        Name           Load    Length   Top     Selector    Space Class

                reset_vec       000000  000006  000006         0       0  CODE    
                rparam          000001  000042  000043         1       1  COMRAM  
                smallconst      001000  000018  001018       800       0  SMALLCON
                idata           001018  000A86  001A9E       80C       0  CODE    


UNUSED ADDRESS RANGES

        BANK0            000043-0000FF
        BANK1            000100-0001FF
        BANK10           000A00-000AFF
        BANK11           000B00-000BFF
        BANK12           000C00-000CFF
        BANK13           000D00-000DFF
        BANK14           000E00-000EFF
        BANK15           000F00-000F7F
        BANK2            000200-0002FF
        BANK3            000300-0003FF
        BANK4            000400-0004FF
        BANK5            000500-0005FF
        BANK6            000600-0006FF
        BANK7            000700-0007FF
        BANK8            000800-0008FF
        BANK9            000900-0009FF
        BIGRAM           000043-000F7F
        CODE             000006-000FFF
                         001A9E-00FFFF
        COMRAM           000043-00007F
        CONFIG           300000-30000D
        CONST            000006-000FFF
                         001A9E-00FFFF
        EEDATA           F00000-F003FF
        IDLOC            200000-200007
        MEDIUMCONST      001A9E-00FFFF
        NVRAM            000F00-000F7F
        RAM              000043-000F7F
        SMALLCONST       001A9E-00FFFF

                                  Symbol Table

??_A2D_Read               rparam       000028
??_LCD_Init               rparam       000026
??_LCD_Inst               rparam       000027
??_LCD_Move               rparam       000027
??_LCD_Out                rparam       00002C
??_LCD_Pause              rparam       000038
??_LCD_Strobe             rparam       000038
??_LCD_Write              rparam       000037
??_NeoPixel_Display       rparam       000028
??_Wait_ms                rparam       00002A
??___aldiv                rparam       00003F
??___almod                rparam       00003F
??___awtoft               rparam       000029
??___ftmul                rparam       00002C
??___ftneg                rparam       00002F
??___ftpack               rparam       000034
??___fttol                rparam       00002A
??___ftunpack             rparam       000035
??_main                   rparam       000001
?_A2D_Read                rparam       000026
?_LCD_Init                rparam       000026
?_LCD_Inst                rparam       000027
?_LCD_Move                rparam       000026
?_LCD_Out                 rparam       000026
?_LCD_Pause               rparam       000038
?_LCD_Strobe              rparam       000038
?_LCD_Write               rparam       000037
?_NeoPixel_Display        rparam       000026
?_Wait_ms                 rparam       000028
?___aldiv                 rparam       000037
?___almod                 rparam       000037
?___awtoft                rparam       000026
?___ftmul                 rparam       000026
?___ftneg                 rparam       00002C
?___ftpack                rparam       000031
?___fttol                 rparam       000026
?___ftunpack              rparam       000031
?_main                    rparam       000001
LCD_Move@Col              rparam       000026
LCD_Out@A                 rparam       00002C
LCD_Out@D                 rparam       00002A
LCD_Out@DATA              rparam       000026
LCD_Out@N                 rparam       00002B
NeoPixel_Display@BLUE     rparam       000027
NeoPixel_Display@GREEN    rparam       000026
Wait_ms@X                 rparam       000028
Wait_ms@j                 rparam       00002A
_A2D_Read                 text3        0019FA
_ADCON0                   (abs)        000FC2
_ADCON1                   (abs)        000FC1
_ADCON2                   (abs)        000FC0
_ADRES                    (abs)        000FC3
_GODONE                   (abs)        007E11
_LCD_Init                 text7        001996
_LCD_Inst                 text9        0019CA
_LCD_Move                 text8        001928
_LCD_Out                  text5        0014CC
_LCD_Pause                text18       001A92
_LCD_Strobe               text17       001A72
_LCD_Write                text15       001A4C
_MSG0                     smallconst   001001
_NeoPixel_Display         text4        001962
_PIXEL                    (abs)        000000
_PORTD                    (abs)        000F83
_RD1                      (abs)        007C19
_RD2                      (abs)        007C1A
_RD3                      (abs)        007C1B
_TRISA                    (abs)        000F92
_TRISB                    (abs)        000F93
_TRISC                    (abs)        000F94
_TRISD                    (abs)        000F95
_TRISD0                   (abs)        007CA8
_TRISE                    (abs)        000F96
_Wait_ms                  text16       001A24
__Bnvbit                  nvbit        000043
__Brbit                   rbit         000043
__HRAM                    (abs)        000000
__Habsbss0                (abs)        000001
__Hbigbss                 bigbss       000043
__Hbigdata                bigdata      000043
__Hbss                    bss          000043
__Hclrtext                clrtext      001018
__Hconfig                 config       300000
__Hconst                  const        001018
__Hdata                   data         001018
__Heeprom_data            eeprom_data  F00000
__Hend_init               end_init     000006
__Hfarbss                 farbss       000000
__Hfardata                fardata      000000
__Hibigdata               ibigdata     001018
__Hidata                  idata        001018
__Hidloc                  idloc        200000
__Hifardata               ifardata     001018
__Hinit                   init         000002
__Hintcode                intcode      000000
__Hintcodelo              intcodelo    000000
__Hintentry               intentry     001018
__Hintret                 intret       001018
__Hintsave_regs           intsave_regs 000043
__Hirdata                 irdata       001018
__Hmediumconst            mediumconst  001018
__Hnvbit                  nvbit        000218
__Hnvram                  nvram        001018
__Hnvrram                 nvrram       000043
__Hpa_nodes               pa_nodes     001018
__Hparam                  rparam       000043
__Hparam0                 param0       001018
__Hparam1                 param1       001018
__Hparam10                param10      001018
__Hparam11                param11      001018
__Hparam12                param12      001018
__Hparam13                param13      001018
__Hparam14                param14      001018
__Hparam15                param15      001018
__Hparam2                 param2       001018
__Hparam3                 param3       001018
__Hparam4                 param4       001018
__Hparam5                 param5       001018
__Hparam6                 param6       001018
__Hparam7                 param7       001018
__Hparam8                 param8       001018
__Hparam9                 param9       001018
__Hpowerup                powerup      000000
__Hramtop                 ramtop       001000
__Hrbit                   rbit         000218
__Hrbss                   rbss         000043
__Hrdata                  rdata        000043
__Hreset_vec              reset_vec    000000
__Hrparam                 rparam       000043
__Hsmallconst             smallconst   001018
__Hstruct                 struct       000043
__Htemp                   temp         000043
__Htext                   text         001018
__Htext0                  text0        001018
__Htext1                  text1        001018
__Htext10                 text10       001018
__Htext11                 text11       001018
__Htext12                 text12       001018
__Htext13                 text13       001018
__Htext14                 text14       001018
__Htext15                 text15       001018
__Htext16                 text16       001018
__Htext17                 text17       001018
__Htext18                 text18       001018
__Htext2                  text2        001018
__Htext3                  text3        001018
__Htext4                  text4        001018
__Htext5                  text5        001018
__Htext6                  text6        001018
__Htext7                  text7        001018
__Htext8                  text8        001018
__Htext9                  text9        001018
__LRAM                    (abs)        000001
__Labsbss0                (abs)        000000
__Lbigbss                 bigbss       000043
__Lbigdata                bigdata      000043
__Lbss                    bss          000043
__Lclrtext                clrtext      001018
__Lconfig                 config       300000
__Lconst                  const        001018
__Ldata                   (abs)        000000
__Leeprom_data            eeprom_data  F00000
__Lend_init               end_init     000002
__Lfarbss                 farbss       000000
__Lfardata                fardata      000000
__Libigdata               ibigdata     001018
__Lidata                  idata        001018
__Lidloc                  idloc        200000
__Lifardata               ifardata     001018
__Linit                   init         000000
__Lintcode                intcode      000000
__Lintcodelo              intcodelo    000000
__Lintentry               intentry     001018
__Lintret                 intret       001018
__Lintsave_regs           intsave_regs 000043
__Lirdata                 irdata       001018
__Lmediumconst            mediumconst  001018
__Lnvbit                  nvbit        000218
__Lnvram                  nvram        001018
__Lnvrram                 nvrram       000043
__Lpa_nodes               pa_nodes     001018
__Lparam                  rparam       000001
__Lparam0                 param0       001018
__Lparam1                 param1       001018
__Lparam10                param10      001018
__Lparam11                param11      001018
__Lparam12                param12      001018
__Lparam13                param13      001018
__Lparam14                param14      001018
__Lparam15                param15      001018
__Lparam2                 param2       001018
__Lparam3                 param3       001018
__Lparam4                 param4       001018
__Lparam5                 param5       001018
__Lparam6                 param6       001018
__Lparam7                 param7       001018
__Lparam8                 param8       001018
__Lparam9                 param9       001018
__Lpowerup                powerup      000000
__Lramtop                 ramtop       001000
__Lrbit                   rbit         000218
__Lrbss                   rbss         000043
__Lrdata                  rdata        000043
__Lreset_vec              reset_vec    000000
__Lrparam                 rparam       000001
__Lsmallconst             smallconst   001000
__Lstruct                 struct       000043
__Ltemp                   temp         000043
__Ltext                   text         001018
__Ltext0                  text0        001018
__Ltext1                  text1        001018
__Ltext10                 text10       001018
__Ltext11                 text11       001018
__Ltext12                 text12       001018
__Ltext13                 text13       001018
__Ltext14                 text14       001018
__Ltext15                 text15       001018
__Ltext16                 text16       001018
__Ltext17                 text17       001018
__Ltext18                 text18       001018
__Ltext2                  text2        001018
__Ltext3                  text3        001018
__Ltext4                  text4        001018
__Ltext5                  text5        001018
__Ltext6                  text6        001018
__Ltext7                  text7        001018
__Ltext8                  text8        001018
__Ltext9                  text9        001018
__S0                      (abs)        F00000
__S1                      (abs)        000F00
___aldiv                  text11       00158A
___aldiv@dividend         rparam       000037
___aldiv@divisor          rparam       00003B
___aldiv@quotient         rparam       00003F
___almod                  text12       0016E0
___almod@dividend         rparam       000037
___almod@divisor          rparam       00003B
___awtoft                 text2        00186A
___awtoft@c               rparam       000026
___awtoft@f1              rparam       000029
___ftmul                  text1        001646
___ftmul@cntr             rparam       00002D
___ftmul@exp1             rparam       00002C
___ftmul@f1               rparam       000026
___ftmul@f2               rparam       000029
___ftmul@f3               rparam       00002E
___ftneg                  text13       001A84
___ftneg@f1               rparam       00002C
___ftpack                 text14       001400
___ftpack@arg             rparam       000031
___ftpack@exp             rparam       000033
___fttol                  text6        001774
___fttol@exp1             rparam       00002A
___fttol@f1               rparam       000026
___fttol@lval             rparam       00002B
___ftunpack               text10       0017FC
___ftunpack@arg           rparam       000031
___ftunpack@exp           rparam       000033
__accesstop               (abs)        000080
__activetblptr            (abs)        000003
__end_of_A2D_Read         text3        001A24
__end_of_LCD_Init         text7        0019CA
__end_of_LCD_Inst         text9        0019FA
__end_of_LCD_Move         text8        001962
__end_of_LCD_Out          text5        00158A
__end_of_LCD_Pause        text18       001A9E
__end_of_LCD_Strobe       text17       001A84
__end_of_LCD_Write        text15       001A72
__end_of_NeoPixel_Display text4        001996
__end_of_Wait_ms          text16       001A4C
__end_of___aldiv          text11       001646
__end_of___almod          text12       001774
__end_of___awtoft         text2        0018D4
__end_of___ftmul          text1        0016E0
__end_of___ftneg          text13       001A92
__end_of___ftpack         text14       0014CC
__end_of___fttol          text6        0017FC
__end_of___ftunpack       text10       00186A
__end_of_main             text0        001400
__mediumconst             mediumconst  001018
__ramtop                  ramtop       001000
__smallconst              smallconst   001000
_exit                     init         000000
_main                     text0        001018
intlevel0                 text         001A9E
intlevel1                 text         001A9E
intlevel2                 text         001A9E
intlevel3                 text         001A9E
main@A2D                  rparam       000005
main@VOLT                 rparam       000001
main@i                    rparam       000003
main@i_80                 rparam       000007
main@i_81                 rparam       000009
main@i_82                 rparam       00000B
main@i_83                 rparam       00000D
main@i_84                 rparam       00000F
main@i_85                 rparam       000011
main@i_86                 rparam       000013
main@i_87                 rparam       000015
main@i_88                 rparam       000017
main@i_89                 rparam       000019
main@i_91                 rparam       00001B
main@i_92                 rparam       00001D
main@i_93                 rparam       00001F
main@i_94                 rparam       000021
main@i_95                 rparam       000023
start                     init         000000
