HI-TECH Software C Compiler 

Linker command line:

\
  --edf=C:\Program Files (x86)\HI-TECH Software\PICC-18\PRO\9.63\dat\en_msgs.txt \
  -cs -h+DATest.sym -z -Q18F4620 -ol.obj -MDATest.map -E1 -ACODE=00h-0FFFFh \
  -ACONST=00h-0FFFFh -ASMALLCONST=01000h-010FFhx240 \
  -AMEDIUMCONST=01000h-0FFFFh -ARAM=00h-0FFhx15,0F00h-0F7Fh \
  -ABIGRAM=00h-0F7Fh -ACOMRAM=00h-07Fh -AABS1=00h-0F7Fh -ABANK0=00h-0FFh \
  -ABANK1=0100h-01FFh -ABANK2=0200h-02FFh -ABANK3=0300h-03FFh \
  -ABANK4=0400h-04FFh -ABANK5=0500h-05FFh -ABANK6=0600h-06FFh \
  -ABANK7=0700h-07FFh -ABANK8=0800h-08FFh -ABANK9=0900h-09FFh \
  -ABANK10=0A00h-0AFFh -ABANK11=0B00h-0BFFh -ABANK12=0C00h-0CFFh \
  -ABANK13=0D00h-0DFFh -ABANK14=0E00h-0EFFh -ABANK15=0F00h-0F7Fh \
  -ANVRAM=0F00h-0F7Fh \
  -preset_vec=00h,intcode,intcodelo,powerup,init,end_init -pramtop=01000h \
  -psmallconst=SMALLCONST -pmediumconst=MEDIUMCONST -pconst=CONST \
  -prparam=COMRAM -AFARRAM=00h-00h -ACONFIG=0300000h-030000Dh \
  -pconfig=CONFIG -AIDLOC=0200000h-0200007h -pidloc=IDLOC \
  -AEEDATA=0F00000h-0F003FFh -peeprom_data=EEDATA \
  -prdata=COMRAM,nvrram=COMRAM,nvbit=COMRAM,rbss=COMRAM,rbit=COMRAM \
  -pfarbss=FARRAM,fardata=FARRAM \
  -pintsave_regs=BIGRAM,bigbss=BIGRAM,bigdata=BIGRAM -pbss=RAM \
  -pidata=CODE,irdata=CODE,ibigdata=CODE,ifardata=CODE startup.obj \
  DATest.obj 

Object code version is 3.10

Machine type is 18F4620

Call graph: (short form)

*_main size 0,11 offset 0
     _LCD_Init size 0,0 offset 11
         _LCD_Inst size 0,1 offset 12
             _LCD_Strobe size 0,0 offset 29
                 _LCD_Pause size 0,0 offset 29
             _Wait_ms size 2,2 offset 13
         _Wait_ms size 2,2 offset 13
     _LCD_Move size 1,0 offset 11
         _LCD_Inst size 0,1 offset 12
     _LCD_Write size 0,1 offset 28
         _LCD_Strobe size 0,0 offset 29
     _Wait_ms size 2,2 offset 13
     _LCD_Inst size 0,1 offset 12
     _A2D_Read size 2,0 offset 11
*    _LCD_Out size 6,11 offset 11
         _LCD_Write size 0,1 offset 28
         ___almod size 8,0 offset 28
*        ___aldiv size 8,4 offset 28

Estimated maximum call depth: 4


                Name          Link     Load   Length Selector Space Scale
startup.obj     init             0        0        4       0     0
DATest.obj      smallcons     1000     1000       18     800     0
                text10        142E     142E       28     80C     0
                text11        14A6     14A6        C     80C     0
                text8         12D2     12D2       94     80C     0
                text9         1494     1494       12     80C     0
                pa_nodes      147C     147C       18     80C     0
                text7         1216     1216       BC     80C     0
                text1         1366     1366       3A     80C     0
                text2         1150     1150       C6     80C     0
                text0         1018     1018      138     80C     0
                text5         1456     1456       26     80C     0
                text6         13D4     13D4       30     80C     0
                text3         13A0     13A0       34     80C     0
                text4         1404     1404       2A     80C     0

COMMON          rparam           0        0       28       0     1

TOTAL           Name          Link     Load   Length  Space
        CLASS   CODE           
                init             0        0        4     0
                text10        142E     142E       28     0
                text11        14A6     14A6        C     0
                text8         12D2     12D2       94     0
                text9         1494     1494       12     0
                pa_nodes      147C     147C       18     0
                text7         1216     1216       BC     0
                text1         1366     1366       3A     0
                text2         1150     1150       C6     0
                text0         1018     1018      138     0
                text5         1456     1456       26     0
                text6         13D4     13D4       30     0
                text3         13A0     13A0       34     0
                text4         1404     1404       2A     0

        CLASS   CONST          

        CLASS   SMALLCONST     
                smallcons     1000     1000       18     0

        CLASS   MEDIUMCONST    

        CLASS   RAM            

        CLASS   BIGRAM         

        CLASS   COMRAM         
                rparam           0        0       28     1

        CLASS   ABS1           

        CLASS   BANK0          

        CLASS   BANK1          

        CLASS   BANK2          

        CLASS   BANK3          

        CLASS   BANK4          

        CLASS   BANK5          

        CLASS   BANK6          

        CLASS   BANK7          

        CLASS   BANK8          

        CLASS   BANK9          

        CLASS   BANK10         

        CLASS   BANK11         

        CLASS   BANK12         

        CLASS   BANK13         

        CLASS   BANK14         

        CLASS   BANK15         

        CLASS   NVRAM          

        CLASS   FARRAM         

        CLASS   CONFIG         

        CLASS   IDLOC          

        CLASS   EEDATA         



SEGMENTS        Name           Load    Length   Top     Selector    Space Class

                rparam          000000  000028  000028         0       1  COMRAM  
                reset_vec       000000  000004  000004         0       0  CODE    
                smallconst      001000  000018  001018       800       0  SMALLCON
                idata           001018  00049A  0014B2       80C       0  CODE    


UNUSED ADDRESS RANGES

        BANK0            000028-0000FF
        BANK1            000100-0001FF
        BANK10           000A00-000AFF
        BANK11           000B00-000BFF
        BANK12           000C00-000CFF
        BANK13           000D00-000DFF
        BANK14           000E00-000EFF
        BANK15           000F00-000F7F
        BANK2            000200-0002FF
        BANK3            000300-0003FF
        BANK4            000400-0004FF
        BANK5            000500-0005FF
        BANK6            000600-0006FF
        BANK7            000700-0007FF
        BANK8            000800-0008FF
        BANK9            000900-0009FF
        BIGRAM           000028-000F7F
        CODE             000004-000FFF
                         0014B2-00FFFF
        COMRAM           000028-00007F
        CONFIG           300000-30000D
        CONST            000004-000FFF
                         0014B2-00FFFF
        EEDATA           F00000-F003FF
        IDLOC            200000-200007
        MEDIUMCONST      0014B2-00FFFF
        NVRAM            000F00-000F7F
        RAM              000028-000F7F
        SMALLCONST       0014B2-00FFFF

                                  Symbol Table

??_A2D_Read         rparam       00000D
??_LCD_Init         rparam       00000B
??_LCD_Inst         rparam       00000C
??_LCD_Move         rparam       00000C
??_LCD_Out          rparam       000011
??_LCD_Pause        rparam       00001D
??_LCD_Strobe       rparam       00001D
??_LCD_Write        rparam       00001C
??_Wait_ms          rparam       00000F
??___aldiv          rparam       000024
??___almod          rparam       000024
??_main             rparam       000000
?_A2D_Read          rparam       00000B
?_LCD_Init          rparam       00000B
?_LCD_Inst          rparam       00000C
?_LCD_Move          rparam       00000B
?_LCD_Out           rparam       00000B
?_LCD_Pause         rparam       00001D
?_LCD_Strobe        rparam       00001D
?_LCD_Write         rparam       00001C
?_Wait_ms           rparam       00000D
?___aldiv           rparam       00001C
?___almod           rparam       00001C
?_main              rparam       000000
LCD_Move@Col        rparam       00000B
LCD_Out@A           rparam       000011
LCD_Out@D           rparam       00000F
LCD_Out@DATA        rparam       00000B
LCD_Out@N           rparam       000010
Wait_ms@X           rparam       00000D
Wait_ms@j           rparam       00000F
_A2D_Read           text4        001404
_ADCON0             (abs)        000FC2
_ADCON1             (abs)        000FC1
_ADCON2             (abs)        000FC0
_ADRES              (abs)        000FC3
_GODONE             (abs)        007E11
_LCD_Init           text3        0013A0
_LCD_Inst           text6        0013D4
_LCD_Move           text1        001366
_LCD_Out            text2        001150
_LCD_Pause          text11       0014A6
_LCD_Strobe         text9        001494
_LCD_Write          text5        001456
_MSG0               smallconst   001001
_PORTD              (abs)        000F83
_RD1                (abs)        007C19
_RD2                (abs)        007C1A
_RD3                (abs)        007C1B
_TRISA              (abs)        000F92
_TRISB              (abs)        000F93
_TRISC              (abs)        000F94
_TRISD              (abs)        000F95
_TRISE              (abs)        000F96
_Wait_ms            text10       00142E
__Bnvbit            nvbit        000028
__Brbit             rbit         000028
__HRAM              (abs)        000000
__Hbigbss           bigbss       000028
__Hbigdata          bigdata      000028
__Hbss              bss          000028
__Hclrtext          clrtext      001018
__Hconfig           config       300000
__Hconst            const        001018
__Hdata             data         001018
__Heeprom_data      eeprom_data  F00000
__Hend_init         end_init     000004
__Hfarbss           farbss       000000
__Hfardata          fardata      000000
__Hibigdata         ibigdata     001018
__Hidata            idata        001018
__Hidloc            idloc        200000
__Hifardata         ifardata     001018
__Hinit             init         000004
__Hintcode          intcode      000000
__Hintcodelo        intcodelo    000000
__Hintentry         intentry     001018
__Hintret           intret       001018
__Hintsave_regs     intsave_regs 000028
__Hirdata           irdata       001018
__Hmediumconst      mediumconst  001018
__Hnvbit            nvbit        000140
__Hnvram            nvram        001018
__Hnvrram           nvrram       000028
__Hpa_nodes         pa_nodes     001018
__Hparam            rparam       000028
__Hparam0           param0       001018
__Hparam1           param1       001018
__Hparam10          param10      001018
__Hparam11          param11      001018
__Hparam12          param12      001018
__Hparam13          param13      001018
__Hparam14          param14      001018
__Hparam15          param15      001018
__Hparam2           param2       001018
__Hparam3           param3       001018
__Hparam4           param4       001018
__Hparam5           param5       001018
__Hparam6           param6       001018
__Hparam7           param7       001018
__Hparam8           param8       001018
__Hparam9           param9       001018
__Hpowerup          powerup      000000
__Hramtop           ramtop       001000
__Hrbit             rbit         000140
__Hrbss             rbss         000028
__Hrdata            rdata        000028
__Hreset_vec        reset_vec    000000
__Hrparam           rparam       000028
__Hsmallconst       smallconst   001018
__Hstruct           struct       000028
__Htemp             temp         000028
__Htext             text         001018
__Htext0            text0        001018
__Htext1            text1        001018
__Htext10           text10       001018
__Htext11           text11       001018
__Htext2            text2        001018
__Htext3            text3        001018
__Htext4            text4        001018
__Htext5            text5        001018
__Htext6            text6        001018
__Htext7            text7        001018
__Htext8            text8        001018
__Htext9            text9        001018
__LRAM              (abs)        000001
__Lbigbss           bigbss       000028
__Lbigdata          bigdata      000028
__Lbss              bss          000028
__Lclrtext          clrtext      001018
__Lconfig           config       300000
__Lconst            const        001018
__Ldata             (abs)        000000
__Leeprom_data      eeprom_data  F00000
__Lend_init         end_init     000004
__Lfarbss           farbss       000000
__Lfardata          fardata      000000
__Libigdata         ibigdata     001018
__Lidata            idata        001018
__Lidloc            idloc        200000
__Lifardata         ifardata     001018
__Linit             init         000000
__Lintcode          intcode      000000
__Lintcodelo        intcodelo    000000
__Lintentry         intentry     001018
__Lintret           intret       001018
__Lintsave_regs     intsave_regs 000028
__Lirdata           irdata       001018
__Lmediumconst      mediumconst  001018
__Lnvbit            nvbit        000140
__Lnvram            nvram        001018
__Lnvrram           nvrram       000028
__Lpa_nodes         pa_nodes     001018
__Lparam            rparam       000000
__Lparam0           param0       001018
__Lparam1           param1       001018
__Lparam10          param10      001018
__Lparam11          param11      001018
__Lparam12          param12      001018
__Lparam13          param13      001018
__Lparam14          param14      001018
__Lparam15          param15      001018
__Lparam2           param2       001018
__Lparam3           param3       001018
__Lparam4           param4       001018
__Lparam5           param5       001018
__Lparam6           param6       001018
__Lparam7           param7       001018
__Lparam8           param8       001018
__Lparam9           param9       001018
__Lpowerup          powerup      000000
__Lramtop           ramtop       001000
__Lrbit             rbit         000140
__Lrbss             rbss         000028
__Lrdata            rdata        000028
__Lreset_vec        reset_vec    000000
__Lrparam           rparam       000000
__Lsmallconst       smallconst   001000
__Lstruct           struct       000028
__Ltemp             temp         000028
__Ltext             text         001018
__Ltext0            text0        001018
__Ltext1            text1        001018
__Ltext10           text10       001018
__Ltext11           text11       001018
__Ltext2            text2        001018
__Ltext3            text3        001018
__Ltext4            text4        001018
__Ltext5            text5        001018
__Ltext6            text6        001018
__Ltext7            text7        001018
__Ltext8            text8        001018
__Ltext9            text9        001018
__S0                (abs)        F00000
__S1                (abs)        000F00
___aldiv            text7        001216
___aldiv@dividend   rparam       00001C
___aldiv@divisor    rparam       000020
___aldiv@quotient   rparam       000024
___almod            text8        0012D2
___almod@dividend   rparam       00001C
___almod@divisor    rparam       000020
__accesstop         (abs)        000080
__activetblptr      (abs)        000003
__end_of_A2D_Read   text4        00142E
__end_of_LCD_Init   text3        0013D4
__end_of_LCD_Inst   text6        001404
__end_of_LCD_Move   text1        0013A0
__end_of_LCD_Out    text2        001216
__end_of_LCD_Pause  text11       0014B2
__end_of_LCD_Strobe text9        0014A6
__end_of_LCD_Write  text5        00147C
__end_of_Wait_ms    text10       001456
__end_of___aldiv    text7        0012D2
__end_of___almod    text8        001366
__end_of_main       text0        001150
__mediumconst       mediumconst  001018
__ramtop            ramtop       001000
__smallconst        smallconst   001000
_exit               init         000000
_main               text0        001018
intlevel0           text         0014B2
intlevel1           text         0014B2
intlevel2           text         0014B2
intlevel3           text         0014B2
main@A2D            rparam       000006
main@CELSIUS        rparam       000000
main@OHM            rparam       000002
main@VOLT           rparam       000004
main@i              rparam       000008
start               init         000000
